// Jest Snapshot v1, https://goo.gl/fbAQLP

exports[`GameHeader renders team names (baseline OFF state) 1`] = `
<DocumentFragment>
  <div
    class="grid grid-cols-12 my-5 border rounded-lg shadow-sm py-4 items-center"
    style="border-left: 10px solid #FFB81C; border-right: 10px solid #3A5DAE;"
  >
    <div
      class="col-span-3 flex flex-wrap mx-auto gap-2 items-center justify-center"
    >
      <div>
        <span
          aria-label="AWY City AWY"
          class="w-20 h-20 mx-auto"
          data-mock="team-logo"
          data-team="AWY"
          role="img"
        />
      </div>
      <div>
        <a
          href="/team/AWY"
        >
          <div
            class="text-xl font-black block md:hidden"
          >
            AWY
          </div>
          <div
            class="text-lg hidden md:block"
          >
            <div
              class="text-sm"
            >
              AWY City
            </div>
            <div
              class="text-xl font-black"
            >
               AWY
            </div>
          </div>
        </a>
        <div
          class="text-sm"
        >
          SOG: 10
        </div>
      </div>
    </div>
    <div
      class="col-span-2 flex flex-wrap justify-center items-center text-center text-5xl md:text-7xl font-black opacity-50"
    >
      <span>
        2
      </span>
    </div>
    <div
      class="col-span-2 text-center content-middle"
    >
      <div
        class="text-xs my-1"
      >
        Arena, Somewhere
      </div>
      <div
        class="text-center my-2 uppercase"
      >
        <span
          class="text-xs md:text-sm font-medium px-2 py-1 bg-slate-100 dark:text-black text-nowrap rounded"
        >
          Final
        </span>
      </div>
      <div
        class="text-xs my-2"
      >
        <div>
          March 10, 2024
        </div>
      </div>
    </div>
    <div
      class="col-span-2 flex flex-wrap justify-center items-center text-center text-5xl md:text-7xl font-black "
    >
      <span>
        3
      </span>
    </div>
    <div
      class="col-span-3 flex flex-wrap mx-auto gap-2 items-center justify-center"
    >
      <div
        class="text-right order-2 sm:order-1"
      >
        <a
          href="/team/HOM"
        >
          <div
            class="text-xl font-black block md:hidden"
          >
            HOM
          </div>
          <div
            class="text-lg hidden md:block"
          >
            <div
              class="text-sm"
            >
              HOM City
            </div>
            <div
              class="text-xl font-black"
            >
               HOM
            </div>
          </div>
        </a>
        <div
          class="text-sm"
        >
          SOG: 10
        </div>
      </div>
      <div
        class="text-right order-1 sm:order-2"
      >
        <span
          aria-label="HOM City HOM"
          class="w-20 h-20 mx-auto"
          data-mock="team-logo"
          data-team="HOM"
          role="img"
        />
      </div>
    </div>
  </div>
</DocumentFragment>
`;
