// Jest Snapshot v1, https://goo.gl/fbAQLP

exports[`StandingsTable sorts and swaps first six rows when swap condition met and renders wildcard rankings + clinch indicator opacity 1`] = `
<DocumentFragment>
  <div
    class="overflow-x-auto scrollbar-hidden"
  >
    <table
      class="standingsTable"
    >
      <thead>
        <tr
          class="text-sm text-nowrap border bg-slate-200 dark:bg-slate-800"
        >
          <th
            class="w-10 text-center"
          />
          <th
            class="text-center"
          >
            Team
          </th>
          <th
            class="w-15 text-center"
          >
            GP
          </th>
          <th
            class="w-15 text-center"
          >
            W
          </th>
          <th
            class="w-15 text-center"
          >
            L
          </th>
          <th
            class="w-15 text-center"
          >
            OT
          </th>
          <th
            class="w-15 text-center"
          >
            PTS
          </th>
          <th
            class="w-15 text-center"
          >
            P%
          </th>
          <th
            class="w-15 text-center"
          >
            RW
          </th>
          <th
            class="w-15 text-center"
          >
            ROW
          </th>
          <th
            class="w-15 text-center"
          >
            GF
          </th>
          <th
            class="w-15 text-center"
          >
            GA
          </th>
          <th
            class="w-15 text-center"
          >
            DIFF
          </th>
          <th
            class="w-15 text-center"
          >
            HOME
          </th>
          <th
            class="w-15 text-center"
          >
            AWAY
          </th>
          <th
            class="w-15 text-center"
          >
            S/O
          </th>
          <th
            class="w-15 text-center"
          >
            L10
          </th>
          <th
            class="w-15 text-center"
          >
            STRK
          </th>
        </tr>
      </thead>
      <tbody>
        <tr
          class=""
        >
          <td
            class="text-center border ranking"
          >
            1
          </td>
          <td
            class="border p-1 text-center text-sm font-semibold"
          >
            <a
              class=""
              href="/team/R6"
            >
              <div
                class="flex items-center gap-2"
              >
                <img
                  alt="Logo"
                  class="h-6 w-6 hidden sm:block"
                  data-nimg="1"
                  decoding="async"
                  height="256"
                  loading="lazy"
                  src="logo.svg"
                  style="color: transparent;"
                  width="256"
                />
                <div
                  class="block md:hidden"
                >
                  R6 
                </div>
                <div
                  class="hidden md:block"
                >
                  Team R6 
                </div>
              </div>
            </a>
          </td>
          <td
            class="text-center"
          >
            10
          </td>
          <td
            class="text-center"
          >
            5
          </td>
          <td
            class="text-center"
          >
            3
          </td>
          <td
            class="text-center"
          >
            2
          </td>
          <td
            class="text-center"
          >
            38
          </td>
          <td
            class="text-center"
          >
            .550
          </td>
          <td
            class="text-center"
          >
            3
          </td>
          <td
            class="text-center"
          >
            5
          </td>
          <td
            class="text-center"
          >
            30
          </td>
          <td
            class="text-center"
          >
            25
          </td>
          <td
            class="text-center"
          >
            5
          </td>
          <td
            class="text-center"
          >
            3-1-1
          </td>
          <td
            class="text-center"
          >
            2-2-1
          </td>
          <td
            class="text-center"
          >
            1-0
          </td>
          <td
            class="text-center"
          >
            5-3-2
          </td>
          <td
            class="text-center"
          >
            W2
          </td>
        </tr>
        <tr
          class=""
        >
          <td
            class="text-center border ranking"
          >
            2
          </td>
          <td
            class="border p-1 text-center text-sm font-semibold"
          >
            <a
              class=""
              href="/team/R5"
            >
              <div
                class="flex items-center gap-2"
              >
                <img
                  alt="Logo"
                  class="h-6 w-6 hidden sm:block"
                  data-nimg="1"
                  decoding="async"
                  height="256"
                  loading="lazy"
                  src="logo.svg"
                  style="color: transparent;"
                  width="256"
                />
                <div
                  class="block md:hidden"
                >
                  R5 
                </div>
                <div
                  class="hidden md:block"
                >
                  Team R5 
                </div>
              </div>
            </a>
          </td>
          <td
            class="text-center"
          >
            10
          </td>
          <td
            class="text-center"
          >
            5
          </td>
          <td
            class="text-center"
          >
            3
          </td>
          <td
            class="text-center"
          >
            2
          </td>
          <td
            class="text-center"
          >
            39
          </td>
          <td
            class="text-center"
          >
            .550
          </td>
          <td
            class="text-center"
          >
            3
          </td>
          <td
            class="text-center"
          >
            5
          </td>
          <td
            class="text-center"
          >
            30
          </td>
          <td
            class="text-center"
          >
            25
          </td>
          <td
            class="text-center"
          >
            5
          </td>
          <td
            class="text-center"
          >
            3-1-1
          </td>
          <td
            class="text-center"
          >
            2-2-1
          </td>
          <td
            class="text-center"
          >
            1-0
          </td>
          <td
            class="text-center"
          >
            5-3-2
          </td>
          <td
            class="text-center"
          >
            W2
          </td>
        </tr>
        <tr
          class="border-double border-b-4"
        >
          <td
            class="text-center border ranking"
          >
            3
          </td>
          <td
            class="border p-1 text-center text-sm font-semibold"
          >
            <a
              class="opacity-40"
              href="/team/R4"
            >
              <div
                class="flex items-center gap-2"
              >
                <img
                  alt="Logo"
                  class="h-6 w-6 hidden sm:block"
                  data-nimg="1"
                  decoding="async"
                  height="256"
                  loading="lazy"
                  src="logo.svg"
                  style="color: transparent;"
                  width="256"
                />
                <div
                  class="block md:hidden"
                >
                  R4 
                  <span>
                    (e)
                  </span>
                </div>
                <div
                  class="hidden md:block"
                >
                  Team R4 
                  <span>
                    (e)
                  </span>
                </div>
              </div>
            </a>
          </td>
          <td
            class="text-center"
          >
            10
          </td>
          <td
            class="text-center"
          >
            5
          </td>
          <td
            class="text-center"
          >
            3
          </td>
          <td
            class="text-center"
          >
            2
          </td>
          <td
            class="text-center"
          >
            40
          </td>
          <td
            class="text-center"
          >
            .550
          </td>
          <td
            class="text-center"
          >
            3
          </td>
          <td
            class="text-center"
          >
            5
          </td>
          <td
            class="text-center"
          >
            30
          </td>
          <td
            class="text-center"
          >
            25
          </td>
          <td
            class="text-center"
          >
            5
          </td>
          <td
            class="text-center"
          >
            3-1-1
          </td>
          <td
            class="text-center"
          >
            2-2-1
          </td>
          <td
            class="text-center"
          >
            1-0
          </td>
          <td
            class="text-center"
          >
            5-3-2
          </td>
          <td
            class="text-center"
          >
            W2
          </td>
        </tr>
        <tr
          class=""
        >
          <td
            class="text-center border ranking"
          >
            1
          </td>
          <td
            class="border p-1 text-center text-sm font-semibold"
          >
            <a
              class=""
              href="/team/R3"
            >
              <div
                class="flex items-center gap-2"
              >
                <img
                  alt="Logo"
                  class="h-6 w-6 hidden sm:block"
                  data-nimg="1"
                  decoding="async"
                  height="256"
                  loading="lazy"
                  src="logo.svg"
                  style="color: transparent;"
                  width="256"
                />
                <div
                  class="block md:hidden"
                >
                  R3 
                </div>
                <div
                  class="hidden md:block"
                >
                  Team R3 
                </div>
              </div>
            </a>
          </td>
          <td
            class="text-center"
          >
            10
          </td>
          <td
            class="text-center"
          >
            5
          </td>
          <td
            class="text-center"
          >
            3
          </td>
          <td
            class="text-center"
          >
            2
          </td>
          <td
            class="text-center"
          >
            12
          </td>
          <td
            class="text-center"
          >
            .550
          </td>
          <td
            class="text-center"
          >
            3
          </td>
          <td
            class="text-center"
          >
            5
          </td>
          <td
            class="text-center"
          >
            30
          </td>
          <td
            class="text-center"
          >
            25
          </td>
          <td
            class="text-center"
          >
            5
          </td>
          <td
            class="text-center"
          >
            3-1-1
          </td>
          <td
            class="text-center"
          >
            2-2-1
          </td>
          <td
            class="text-center"
          >
            1-0
          </td>
          <td
            class="text-center"
          >
            5-3-2
          </td>
          <td
            class="text-center"
          >
            W2
          </td>
        </tr>
        <tr
          class=""
        >
          <td
            class="text-center border ranking"
          >
            2
          </td>
          <td
            class="border p-1 text-center text-sm font-semibold"
          >
            <a
              class=""
              href="/team/R2"
            >
              <div
                class="flex items-center gap-2"
              >
                <img
                  alt="Logo"
                  class="h-6 w-6 hidden sm:block"
                  data-nimg="1"
                  decoding="async"
                  height="256"
                  loading="lazy"
                  src="logo.svg"
                  style="color: transparent;"
                  width="256"
                />
                <div
                  class="block md:hidden"
                >
                  R2 
                </div>
                <div
                  class="hidden md:block"
                >
                  Team R2 
                </div>
              </div>
            </a>
          </td>
          <td
            class="text-center"
          >
            10
          </td>
          <td
            class="text-center"
          >
            5
          </td>
          <td
            class="text-center"
          >
            3
          </td>
          <td
            class="text-center"
          >
            2
          </td>
          <td
            class="text-center"
          >
            11
          </td>
          <td
            class="text-center"
          >
            .550
          </td>
          <td
            class="text-center"
          >
            3
          </td>
          <td
            class="text-center"
          >
            5
          </td>
          <td
            class="text-center"
          >
            30
          </td>
          <td
            class="text-center"
          >
            25
          </td>
          <td
            class="text-center"
          >
            5
          </td>
          <td
            class="text-center"
          >
            3-1-1
          </td>
          <td
            class="text-center"
          >
            2-2-1
          </td>
          <td
            class="text-center"
          >
            1-0
          </td>
          <td
            class="text-center"
          >
            5-3-2
          </td>
          <td
            class="text-center"
          >
            W2
          </td>
        </tr>
        <tr
          class="border-double border-b-4"
        >
          <td
            class="text-center border ranking"
          >
            3
          </td>
          <td
            class="border p-1 text-center text-sm font-semibold"
          >
            <a
              class=""
              href="/team/R1"
            >
              <div
                class="flex items-center gap-2"
              >
                <img
                  alt="Logo"
                  class="h-6 w-6 hidden sm:block"
                  data-nimg="1"
                  decoding="async"
                  height="256"
                  loading="lazy"
                  src="logo.svg"
                  style="color: transparent;"
                  width="256"
                />
                <div
                  class="block md:hidden"
                >
                  R1 
                </div>
                <div
                  class="hidden md:block"
                >
                  Team R1 
                </div>
              </div>
            </a>
          </td>
          <td
            class="text-center"
          >
            10
          </td>
          <td
            class="text-center"
          >
            5
          </td>
          <td
            class="text-center"
          >
            3
          </td>
          <td
            class="text-center"
          >
            2
          </td>
          <td
            class="text-center"
          >
            10
          </td>
          <td
            class="text-center"
          >
            .550
          </td>
          <td
            class="text-center"
          >
            3
          </td>
          <td
            class="text-center"
          >
            5
          </td>
          <td
            class="text-center"
          >
            30
          </td>
          <td
            class="text-center"
          >
            25
          </td>
          <td
            class="text-center"
          >
            5
          </td>
          <td
            class="text-center"
          >
            3-1-1
          </td>
          <td
            class="text-center"
          >
            2-2-1
          </td>
          <td
            class="text-center"
          >
            1-0
          </td>
          <td
            class="text-center"
          >
            5-3-2
          </td>
          <td
            class="text-center"
          >
            W2
          </td>
        </tr>
      </tbody>
    </table>
  </div>
</DocumentFragment>
`;
