// Jest Snapshot v1, https://goo.gl/fbAQLP

exports[`StatBox matches snapshot (plusMinus positive) 1`] = `
<div
  class="p-2 bg-transparent text-center border rounded content-center"
  style="min-width: 7rem;"
>
  <div
    class="text-2xl capitalize"
  >
    +4
  </div>
  <div
    class="text-xs font-light"
  >
    Plus/Minus
  </div>
</div>
`;
